// Jest Snapshot v1, https://goo.gl/fbAQLP

exports[`parser parseFile extract all documents string from the file 1`] = `
"query SiteMetadata {
  site {
    siteMetadata {
      title
      description
    }
  }
}
query IndexPageTemplate {
  markdownRemark(frontmatter: {templateKey: {eq: \\"index-page\\"}}) {
    frontmatter {
      title
      subtitle
      image {
        childImageSharp {
          fluid(maxWidth: 2048, quality: 100) {
            ...GatsbyImageSharpFluid
          }
        }
      }
      heading
      mainpitch {
        title
        description
      }
      bigimage {
        image {
          childImageSharp {
            fluid(maxWidth: 240, quality: 64) {
              ...GatsbyImageSharpFluid
            }
          }
          publicURL
        }
        alt
      }
      intro {
        blurbs {
          image {
            childImageSharp {
              fluid(maxWidth: 240, quality: 64) {
                ...GatsbyImageSharpFluid
              }
            }
          }
          text
        }
        heading
        description
      }
    }
  }
  allMarkdownRemark(sort: {order: DESC, fields: [frontmatter___featuredpost, frontmatter___date]}, filter: {frontmatter: {templateKey: {eq: \\"blog-post\\"}}}, limit: 1) {
    edges {
      node {
        excerpt(pruneLength: 400)
        id
        fields {
          slug
        }
        frontmatter {
          title
          templateKey
          date(formatString: \\"MMMM DD, YYYY\\")
          featuredpost
          featuredimage {
            childImageSharp {
              fluid(maxWidth: 120, quality: 100) {
                ...GatsbyImageSharpFluid
              }
            }
          }
        }
      }
    }
  }
}
"
`;
